// Jest Snapshot v1, https://goo.gl/fbAQLP

exports[`InfiniteScroll should match export snapshot 1`] = `
Object {
  "InfiniteScroll": [Function],
  "StyledInfiniteScrollWrap": Object {
    "$$typeof": Symbol(react.forward_ref),
    "attrs": Array [],
    "componentStyle": ComponentStyle {
      "componentId": "sc-bdVaJa",
      "isStatic": true,
      "rules": Array [
        "
  margin-bottom: 10vh;
  padding-bottom: 1rem;
",
      ],
    },
    "displayName": "styled.div",
    "foldedComponentIds": Array [],
    "render": [Function],
    "styledComponentId": "sc-bdVaJa",
    "target": "div",
    "toString": [Function],
    "warnTooManyClasses": [Function],
    "withComponent": [Function],
  },
  "default": [Function],
}
`;

exports[`InfiniteScroll should render without errors 1`] = `
.c0 {
  margin-bottom: 10vh;
  padding-bottom: 1rem;
}

<div>
  <div
    class="c0"
  />
</div>
`;
